[chai.ml/chat/share/_bot_da0d4b3c-ce5f-4ff9-85c8-33335c227802.html]
[backblue.gif]
[fade.gif]
[index.html]
[chai.ml/_next/static/css/7fe20d4611f6bced498c.css]
[chai.ml/_next/static/chunks/webpack-50bee04d1dc61f8adf5b.js]
[chai.ml/_next/static/chunks/framework.da6e78c416fe44b6a1a8.js]
[chai.ml/_next/static/chunks/commons.5dd77e7acc883abc18c0.js]
[chai.ml/_next/static/chunks/main-85184f872533cca48b5c.js]
[chai.ml/_next/static/chunks/pages/_app-77a5e6e0b8b63b946a72.js]
[chai.ml/_next/static/chunks/ff239f9d.6cb927541beeb7711788.js]
[chai.ml/_next/static/chunks/d91e9ae9.3d0fc347d9380a728ebb.js]
[chai.ml/_next/static/chunks/cb1608f2.ebe81bd496abb910797d.js]
[chai.ml/_next/static/chunks/29107295.837a9d12c8e416b71c1b.js]
[chai.ml/_next/static/chunks/75fc9c18.60c1ab7504f6eb9ff2f2.js]
[chai.ml/images/googleplay.png]
[chai.ml/_next/static/chunks/pages/[[...slug]]-670207c11f4e2949ad5b.js]
[chai.ml/images/appstore.png]
[chai.ml/js/plugins.js]
[chai.ml/_next/static/chunks/polyfills-ff94e68042added27a93.js]
[chai.ml/_next/static/AAscE_2qj9PJMWeyFJved/_buildManifest.js]
[chai.ml/_next/static/AAscE_2qj9PJMWeyFJved/_ssgManifest.js]
[chai.ml/chat/share/_bot_da0d4b3c-ce5f-4ff9-85c8-33335c227802.html]
[chai.ml/_next/static/css/7fe20d4611f6bced498c.css]
